*** EVALUATION ***
PROGRAM "E:\Program Files\hcs12_relocatable\bin\Project.abs"

*********************************************************************************************
TARGET SECTION
---------------------------------------------------------------------------------------------
Processor   : Freescale HC12
Memory Model: SMALL
File Format : ELF\DWARF 2.0
Linker      : SmartLinker V-5.0.40 Build 10203, Jul 23 2010

*********************************************************************************************
FILE SECTION
---------------------------------------------------------------------------------------------
Name_LCD_Main.asm.o                     Model: SMALL,         Lang: Assembler
Name_LCD_Module.asm.o                   Model: SMALL,         Lang: Assembler

*********************************************************************************************
STARTUP SECTION
---------------------------------------------------------------------------------------------
Entry point: 0x4000 (Entry)

*********************************************************************************************
SECTION-ALLOCATION SECTION
Section Name                    Size  Type     From       To       Segment
---------------------------------------------------------------------------------------------
.stack                           256   R/W     0x1000     0x10FF   RAM
Name_LCD_Main.asm__ORG00001        177     R     0x4000     0x40B0   .absSeg0
Name_LCD_Module.asm._SEC000000         36     R   0x308000   0x308023   PAGE_30
.vectSeg1_vect                     2     R     0xFFFE     0xFFFF   .vectSeg1

Summary of section sizes per section type:
READ_ONLY (R):          D7 (dec:      215)
READ_WRITE (R/W):      100 (dec:      256)

*********************************************************************************************
VECTOR-ALLOCATION SECTION
    Address     InitValue   InitFunction
---------------------------------------------------------------------------------------------
     0xFFFE        0x4000   Entry

*********************************************************************************************
OBJECT-ALLOCATION SECTION
     Name               Module                 Addr   hSize   dSize     Ref    Section   RLIB
---------------------------------------------------------------------------------------------
MODULE:                 -- Name_LCD_Main.asm.o --
- PROCEDURES:
     Entry                                     4000      57      87       0   .init       
     AGAIN                                     4057       2       2       0   .init       
     COMWRT4                                   4059      2B      43       0   .init       
     DATWRT4                                   4084      2B      43       0   .init       
     VAR00001                                  40AF       2       2       0   .init       
- VARIABLES:
MODULE:                 -- Name_LCD_Module.asm.o --
- PROCEDURES:
     DELAY                                   308000       6       6      10   Name_LCD_Module.asm._SEC000000
     L3                                      308006       5       5       0   Name_LCD_Module.asm._SEC000000
     L2                                      30800B       5       5       0   Name_LCD_Module.asm._SEC000000
     L1                                      308010      14      20       0   Name_LCD_Module.asm._SEC000000
- VARIABLES:

*********************************************************************************************
MODULE STATISTIC
  Name                                      Data   Code  Const
---------------------------------------------------------------------------------------------
  Name_LCD_Main.asm.o                          0    177      0
  Name_LCD_Module.asm.o                        0     36      0
  other                                      256      2      0

*********************************************************************************************
SECTION USE IN OBJECT-ALLOCATION SECTION
---------------------------------------------------------------------------------------------
SECTION: ".init"
  Entry AGAIN COMWRT4 DATWRT4 VAR00001 
SECTION: "Name_LCD_Module.asm._SEC000000"
  DELAY L3 L2 L1 

*********************************************************************************************
OBJECT LIST SORTED BY ADDRESS
     Name                                      Addr   hSize   dSize     Ref    Section   RLIB
---------------------------------------------------------------------------------------------
     Entry                                     4000      57      87       0   .init       
     AGAIN                                     4057       2       2       0   .init       
     COMWRT4                                   4059      2B      43       0   .init       
     DATWRT4                                   4084      2B      43       0   .init       
     VAR00001                                  40AF       2       2       0   .init       
     DELAY                                   308000       6       6      10   Name_LCD_Module.asm._SEC000000
     L3                                      308006       5       5       0   Name_LCD_Module.asm._SEC000000
     L2                                      30800B       5       5       0   Name_LCD_Module.asm._SEC000000
     L1                                      308010      14      20       0   Name_LCD_Module.asm._SEC000000

*********************************************************************************************
UNUSED-OBJECTS SECTION
---------------------------------------------------------------------------------------------

*********************************************************************************************
COPYDOWN SECTION
---------------------------------------------------------------------------------------------

*********************************************************************************************
OBJECT-DEPENDENCIES SECTION
---------------------------------------------------------------------------------------------

*********************************************************************************************
DEPENDENCY TREE
*********************************************************************************************
*********************************************************************************************
STATISTIC SECTION
---------------------------------------------------------------------------------------------

ExeFile:
--------
Number of blocks to be downloaded: 3
Total size of all blocks to be downloaded: 215

